\BOOKMARK [0][-]{chapter.1}{\376\377\000H\000o\000w\000\040\000C\000o\000m\000p\000u\000t\000e\000r\000s\000\040\000E\000x\000e\000c\000u\000t\000e\000\040\000P\000r\000o\000g\000r\000a\000m\000s}{}% 1
\BOOKMARK [1][-]{section.1.1}{\376\377\000P\000u\000r\000p\000o\000s\000e}{chapter.1}% 2
\BOOKMARK [1][-]{section.1.2}{\376\377\000O\000u\000t\000l\000i\000n\000e}{chapter.1}% 3
\BOOKMARK [1][-]{section.1.3}{\376\377\000C\000o\000n\000t\000e\000n\000t\000\040\000P\000l\000a\000n}{chapter.1}% 4
\BOOKMARK [1][-]{section.1.4}{\376\377\000K\000e\000y\000\040\000T\000e\000r\000m\000s}{chapter.1}% 5
\BOOKMARK [1][-]{section.1.5}{\376\377\000D\000i\000a\000g\000r\000a\000m\000s\000\040\000P\000l\000a\000n\000n\000e\000d}{chapter.1}% 6
\BOOKMARK [1][-]{section.1.6}{\376\377\000E\000x\000p\000e\000r\000i\000m\000e\000n\000t}{chapter.1}% 7
\BOOKMARK [0][-]{chapter.2}{\376\377\000C\000\040\000C\000o\000m\000p\000i\000l\000a\000t\000i\000o\000n\000\040\000O\000v\000e\000r\000v\000i\000e\000w}{}% 8
\BOOKMARK [1][-]{section.2.1}{\376\377\000P\000u\000r\000p\000o\000s\000e}{chapter.2}% 9
\BOOKMARK [1][-]{section.2.2}{\376\377\000O\000u\000t\000l\000i\000n\000e}{chapter.2}% 10
\BOOKMARK [1][-]{section.2.3}{\376\377\000C\000o\000n\000t\000e\000n\000t\000\040\000P\000l\000a\000n}{chapter.2}% 11
\BOOKMARK [1][-]{section.2.4}{\376\377\000K\000e\000y\000\040\000T\000e\000r\000m\000s}{chapter.2}% 12
\BOOKMARK [1][-]{section.2.5}{\376\377\000D\000i\000a\000g\000r\000a\000m\000s\000\040\000P\000l\000a\000n\000n\000e\000d}{chapter.2}% 13
\BOOKMARK [1][-]{section.2.6}{\376\377\000E\000x\000p\000e\000r\000i\000m\000e\000n\000t}{chapter.2}% 14
\BOOKMARK [0][-]{chapter.3}{\376\377\000P\000r\000e\000p\000r\000o\000c\000e\000s\000s\000i\000n\000g}{}% 15
\BOOKMARK [1][-]{section.3.1}{\376\377\000P\000u\000r\000p\000o\000s\000e}{chapter.3}% 16
\BOOKMARK [1][-]{section.3.2}{\376\377\000O\000u\000t\000l\000i\000n\000e}{chapter.3}% 17
\BOOKMARK [1][-]{section.3.3}{\376\377\000C\000o\000n\000t\000e\000n\000t\000\040\000P\000l\000a\000n}{chapter.3}% 18
\BOOKMARK [1][-]{section.3.4}{\376\377\000K\000e\000y\000\040\000T\000e\000r\000m\000s}{chapter.3}% 19
\BOOKMARK [1][-]{section.3.5}{\376\377\000E\000x\000p\000e\000r\000i\000m\000e\000n\000t}{chapter.3}% 20
\BOOKMARK [0][-]{chapter.4}{\376\377\000C\000o\000m\000p\000i\000l\000a\000t\000i\000o\000n\000\040\000I\000n\000t\000e\000r\000n\000a\000l\000s}{}% 21
\BOOKMARK [1][-]{section.4.1}{\376\377\000P\000u\000r\000p\000o\000s\000e}{chapter.4}% 22
\BOOKMARK [1][-]{section.4.2}{\376\377\000O\000u\000t\000l\000i\000n\000e}{chapter.4}% 23
\BOOKMARK [1][-]{section.4.3}{\376\377\000C\000o\000n\000t\000e\000n\000t\000\040\000P\000l\000a\000n}{chapter.4}% 24
\BOOKMARK [1][-]{section.4.4}{\376\377\000K\000e\000y\000\040\000T\000e\000r\000m\000s}{chapter.4}% 25
\BOOKMARK [1][-]{section.4.5}{\376\377\000E\000x\000p\000e\000r\000i\000m\000e\000n\000t}{chapter.4}% 26
\BOOKMARK [0][-]{chapter.5}{\376\377\000A\000s\000s\000e\000m\000b\000l\000y\000\040\000a\000n\000d\000\040\000O\000b\000j\000e\000c\000t\000\040\000F\000i\000l\000e\000s}{}% 27
\BOOKMARK [1][-]{section.5.1}{\376\377\000P\000u\000r\000p\000o\000s\000e}{chapter.5}% 28
\BOOKMARK [1][-]{section.5.2}{\376\377\000O\000u\000t\000l\000i\000n\000e}{chapter.5}% 29
\BOOKMARK [1][-]{section.5.3}{\376\377\000C\000o\000n\000t\000e\000n\000t\000\040\000P\000l\000a\000n}{chapter.5}% 30
\BOOKMARK [1][-]{section.5.4}{\376\377\000K\000e\000y\000\040\000T\000e\000r\000m\000s}{chapter.5}% 31
\BOOKMARK [1][-]{section.5.5}{\376\377\000E\000x\000p\000e\000r\000i\000m\000e\000n\000t}{chapter.5}% 32
\BOOKMARK [0][-]{chapter.6}{\376\377\000E\000L\000F\000\040\000F\000o\000r\000m\000a\000t\000\040\000D\000e\000e\000p\000\040\000D\000i\000v\000e}{}% 33
\BOOKMARK [1][-]{section.6.1}{\376\377\000P\000u\000r\000p\000o\000s\000e}{chapter.6}% 34
\BOOKMARK [1][-]{section.6.2}{\376\377\000O\000u\000t\000l\000i\000n\000e}{chapter.6}% 35
\BOOKMARK [1][-]{section.6.3}{\376\377\000C\000o\000n\000t\000e\000n\000t\000\040\000P\000l\000a\000n}{chapter.6}% 36
\BOOKMARK [1][-]{section.6.4}{\376\377\000K\000e\000y\000\040\000T\000e\000r\000m\000s}{chapter.6}% 37
\BOOKMARK [1][-]{section.6.5}{\376\377\000D\000i\000a\000g\000r\000a\000m\000s\000\040\000P\000l\000a\000n\000n\000e\000d}{chapter.6}% 38
\BOOKMARK [1][-]{section.6.6}{\376\377\000E\000x\000p\000e\000r\000i\000m\000e\000n\000t}{chapter.6}% 39
\BOOKMARK [0][-]{chapter.7}{\376\377\000L\000i\000n\000k\000i\000n\000g\000\040\000a\000n\000d\000\040\000R\000e\000l\000o\000c\000a\000t\000i\000o\000n}{}% 40
\BOOKMARK [1][-]{section.7.1}{\376\377\000P\000u\000r\000p\000o\000s\000e}{chapter.7}% 41
\BOOKMARK [1][-]{section.7.2}{\376\377\000O\000u\000t\000l\000i\000n\000e}{chapter.7}% 42
\BOOKMARK [1][-]{section.7.3}{\376\377\000C\000o\000n\000t\000e\000n\000t\000\040\000P\000l\000a\000n}{chapter.7}% 43
\BOOKMARK [1][-]{section.7.4}{\376\377\000K\000e\000y\000\040\000T\000e\000r\000m\000s}{chapter.7}% 44
\BOOKMARK [1][-]{section.7.5}{\376\377\000E\000x\000p\000e\000r\000i\000m\000e\000n\000t}{chapter.7}% 45
\BOOKMARK [0][-]{chapter.8}{\376\377\000S\000t\000a\000t\000i\000c\000\040\000a\000n\000d\000\040\000D\000y\000n\000a\000m\000i\000c\000\040\000L\000i\000b\000r\000a\000r\000i\000e\000s}{}% 46
\BOOKMARK [1][-]{section.8.1}{\376\377\000P\000u\000r\000p\000o\000s\000e}{chapter.8}% 47
\BOOKMARK [1][-]{section.8.2}{\376\377\000O\000u\000t\000l\000i\000n\000e}{chapter.8}% 48
\BOOKMARK [1][-]{section.8.3}{\376\377\000C\000o\000n\000t\000e\000n\000t\000\040\000P\000l\000a\000n}{chapter.8}% 49
\BOOKMARK [1][-]{section.8.4}{\376\377\000K\000e\000y\000\040\000T\000e\000r\000m\000s}{chapter.8}% 50
\BOOKMARK [1][-]{section.8.5}{\376\377\000E\000x\000p\000e\000r\000i\000m\000e\000n\000t}{chapter.8}% 51
\BOOKMARK [0][-]{chapter.9}{\376\377\000S\000t\000a\000n\000d\000a\000r\000d\000\040\000L\000i\000b\000r\000a\000r\000y\000\040\000a\000n\000d\000\040\000S\000y\000s\000c\000a\000l\000l\000s}{}% 52
\BOOKMARK [1][-]{section.9.1}{\376\377\000P\000u\000r\000p\000o\000s\000e}{chapter.9}% 53
\BOOKMARK [1][-]{section.9.2}{\376\377\000O\000u\000t\000l\000i\000n\000e}{chapter.9}% 54
\BOOKMARK [1][-]{section.9.3}{\376\377\000C\000o\000n\000t\000e\000n\000t\000\040\000P\000l\000a\000n}{chapter.9}% 55
\BOOKMARK [1][-]{section.9.4}{\376\377\000K\000e\000y\000\040\000T\000e\000r\000m\000s}{chapter.9}% 56
\BOOKMARK [1][-]{section.9.5}{\376\377\000E\000x\000p\000e\000r\000i\000m\000e\000n\000t}{chapter.9}% 57
\BOOKMARK [0][-]{chapter.10}{\376\377\000A\000B\000I\000\040\000a\000n\000d\000\040\000C\000r\000o\000s\000s\000-\000P\000l\000a\000t\000f\000o\000r\000m}{}% 58
\BOOKMARK [1][-]{section.10.1}{\376\377\000P\000u\000r\000p\000o\000s\000e}{chapter.10}% 59
\BOOKMARK [1][-]{section.10.2}{\376\377\000O\000u\000t\000l\000i\000n\000e}{chapter.10}% 60
\BOOKMARK [1][-]{section.10.3}{\376\377\000C\000o\000n\000t\000e\000n\000t\000\040\000P\000l\000a\000n}{chapter.10}% 61
\BOOKMARK [1][-]{section.10.4}{\376\377\000K\000e\000y\000\040\000T\000e\000r\000m\000s}{chapter.10}% 62
\BOOKMARK [1][-]{section.10.5}{\376\377\000E\000x\000p\000e\000r\000i\000m\000e\000n\000t}{chapter.10}% 63
\BOOKMARK [0][-]{chapter.11}{\376\377\000P\000r\000o\000c\000e\000s\000s\000\040\000L\000o\000a\000d\000i\000n\000g\000\040\000a\000n\000d\000\040\000M\000e\000m\000o\000r\000y\000\040\000L\000a\000y\000o\000u\000t}{}% 64
\BOOKMARK [1][-]{section.11.1}{\376\377\000P\000u\000r\000p\000o\000s\000e}{chapter.11}% 65
\BOOKMARK [1][-]{section.11.2}{\376\377\000O\000u\000t\000l\000i\000n\000e}{chapter.11}% 66
\BOOKMARK [1][-]{section.11.3}{\376\377\000C\000o\000n\000t\000e\000n\000t\000\040\000P\000l\000a\000n}{chapter.11}% 67
\BOOKMARK [1][-]{section.11.4}{\376\377\000K\000e\000y\000\040\000T\000e\000r\000m\000s}{chapter.11}% 68
\BOOKMARK [1][-]{section.11.5}{\376\377\000E\000x\000p\000e\000r\000i\000m\000e\000n\000t}{chapter.11}% 69
